// Jest Snapshot v1, https://goo.gl/fbAQLP

exports[`Chat component snapshot room not selected 1`] = `
<div
  className="chat-room"
>
  <div
    className="chat-room__messages"
  >
    <span>
      Nenhum chat selecionado
    </span>
  </div>
</div>
`;

exports[`Chat component snapshot room selected 1`] = `
<div
  className="chat-room"
>
  <div
    className="chat-room__messages"
  />
  <div
    className="chat-room__input__wrapper"
  >
    <form
      onSubmit={[Function]}
    >
      <input
        className="chat-room__input"
        onChange={[Function]}
        placeholder="escreva uma mensagem"
        value=""
      />
    </form>
  </div>
</div>
`;
