// Jest Snapshot v1, https://goo.gl/fbAQLP

exports[`Message component snapshot channel not selected 1`] = `
<div
  className="message"
>
  <div
    className="message__left"
  >
    <span
      className="message__photo"
    >
      X
    </span>
  </div>
  <div
    className="message__right"
  >
    <strong
      className="message__info"
    >
      <span>
        xunda
      </span>
      <span
        className="message__date"
      >
        8/27/2018, 11:22 AM
      </span>
    </strong>
    <span
      className="message__text"
    >
      hello!
    </span>
  </div>
</div>
`;
